// Jest Snapshot v1, https://goo.gl/fbAQLP

exports[`Renders 1`] = `
<DocumentFragment>
  <div
    class="sc-hKFxyN kIKSnG"
  >
    <p
      class="MuiTypography-root MuiTypography-body1"
    >
      Game Code: 
    </p>
    <h5
      class="MuiTypography-root MuiTypography-h5"
    >
      Birds Eye View
    </h5>
  </div>
  <div
    class="MuiGrid-root sc-jSFjdj eaAOOd MuiGrid-container MuiGrid-spacing-xs-2"
  />
</DocumentFragment>
`;
