// Jest Snapshot v1, https://goo.gl/fbAQLP

exports[`Renders 1`] = `
<DocumentFragment>
  <div
    class="sc-bdnxRM loEPuz"
  >
    <img
      alt="Telestrations"
      class="sc-dlnjwi jPLrEe"
      src="/logo.png"
    />
    <p
      class="MuiTypography-root sc-hKFxyN fjDotz MuiTypography-body1"
    >
      Please Choose a Game Code
    </p>
    <p
      class="MuiTypography-root MuiTypography-body1"
    >
      Players will select this code from the list of available games
    </p>
    <form
      class="sc-eCApnc dofBGS"
    >
      <div
        class="MuiFormControl-root MuiTextField-root"
      >
        <label
          class="MuiFormLabel-root MuiInputLabel-root MuiInputLabel-formControl MuiInputLabel-animated MuiInputLabel-outlined"
          data-shrink="false"
        >
          Game Code
        </label>
        <div
          class="MuiInputBase-root MuiOutlinedInput-root MuiInputBase-formControl"
        >
          <input
            aria-invalid="false"
            class="MuiInputBase-input MuiOutlinedInput-input"
            type="text"
            value=""
          />
          <fieldset
            aria-hidden="true"
            class="PrivateNotchedOutline-root-1 MuiOutlinedInput-notchedOutline"
          >
            <legend
              class="PrivateNotchedOutline-legendLabelled-3"
            >
              <span>
                Game Code
              </span>
            </legend>
          </fieldset>
        </div>
      </div>
      <button
        class="MuiButtonBase-root MuiButton-root MuiButton-contained sc-jSFjdj erauwF MuiButton-containedPrimary MuiButton-containedSizeLarge MuiButton-sizeLarge Mui-disabled Mui-disabled"
        disabled=""
        tabindex="-1"
        type="submit"
      >
        <span
          class="MuiButton-label"
        >
          Open Lobby
        </span>
      </button>
    </form>
    <p
      class="MuiTypography-root sc-gKAaRy fGdyqE MuiTypography-body1"
    >
      Looking to become the admin of an orphaned game?
    </p>
    <p
      class="MuiTypography-root MuiTypography-body1"
    >
      Here is a list of available games
    </p>
    <ul
      aria-label="orphaned games"
      class="MuiList-root sc-iCoGMd ftTpOa MuiList-padding"
    >
      <div
        aria-disabled="false"
        class="MuiButtonBase-root MuiListItem-root MuiListItem-gutters MuiListItem-button"
        role="button"
        tabindex="0"
      >
        <div
          class="MuiListItemText-root"
        >
          <span
            class="MuiTypography-root MuiListItemText-primary MuiTypography-body1 MuiTypography-displayBlock"
          >
            hi
          </span>
        </div>
        <span
          class="MuiTouchRipple-root"
        />
      </div>
      <div
        aria-disabled="false"
        class="MuiButtonBase-root MuiListItem-root MuiListItem-gutters MuiListItem-button"
        role="button"
        tabindex="0"
      >
        <div
          class="MuiListItemText-root"
        >
          <span
            class="MuiTypography-root MuiListItemText-primary MuiTypography-body1 MuiTypography-displayBlock"
          >
            hello
          </span>
        </div>
        <span
          class="MuiTouchRipple-root"
        />
      </div>
      <div
        aria-disabled="false"
        class="MuiButtonBase-root MuiListItem-root MuiListItem-gutters MuiListItem-button"
        role="button"
        tabindex="0"
      >
        <div
          class="MuiListItemText-root"
        >
          <span
            class="MuiTypography-root MuiListItemText-primary MuiTypography-body1 MuiTypography-displayBlock"
          >
            yoooo
          </span>
        </div>
        <span
          class="MuiTouchRipple-root"
        />
      </div>
    </ul>
  </div>
</DocumentFragment>
`;
