// Jest Snapshot v1, https://goo.gl/fbAQLP

exports[`Renders 1`] = `
<DocumentFragment>
  <div
    class="sc-bdnxRM loEPuz"
  >
    <img
      alt="Telestrations"
      class="sc-dlnjwi jPLrEe"
      src="/logo.png"
    />
    <p
      class="MuiTypography-root sc-hKFxyN fjDotz MuiTypography-body1"
    >
      Hello, world!
    </p>
    <p
      class="MuiTypography-root MuiTypography-body1"
    >
      How are you?
    </p>
  </div>
</DocumentFragment>
`;
